-2.625282100999999813e+00 1.376415137362734020e+00 -1.189262535543432042e-03
-2.615242606000000247e+00 1.372704718250047584e+00 5.422881458320121927e-04
-2.623842649000002858e+00 1.378291718460027848e+00 1.439101096681694040e-03
